src/app/admin/customers/page.tsx(522,13): error TS2552: Cannot find name 'setCustomers'. Did you mean 'newCustomers'?
src/app/admin/customers/page.tsx(522,26): error TS7006: Parameter 'prev' implicitly has an 'any' type.
src/app/admin/invoice/page.tsx(229,50): error TS2339: Property 'addressFull' does not exist on type 'Customer'.
src/app/admin/invoice/page.tsx(231,47): error TS2339: Property 'discountRule' does not exist on type 'Customer'.
src/app/admin/invoice/page.tsx(232,96): error TS2339: Property 'discountRule' does not exist on type 'Customer'.
src/app/api/export-excel/route.ts(16,28): error TS2322: Type 'Buffer<ArrayBufferLike>' is not assignable to type 'BlobPart'.
  Type 'Buffer<ArrayBufferLike>' is not assignable to type 'ArrayBufferView<ArrayBuffer>'.
    Types of property 'buffer' are incompatible.
      Type 'ArrayBufferLike' is not assignable to type 'ArrayBuffer'.
        Type 'SharedArrayBuffer' is missing the following properties from type 'ArrayBuffer': resizable, resize, detached, transfer, transferToFixedLength
src/app/worker/[shipperId]/page.tsx(457,68): error TS2345: Argument of type 'File | undefined' is not assignable to parameter of type 'Blob | ArrayBuffer | Uint8Array<ArrayBufferLike>'.
  Type 'undefined' is not assignable to type 'Blob | ArrayBuffer | Uint8Array<ArrayBufferLike>'.
src/app/worker/cbm/page.tsx(34,5): error TS2561: Object literal may only specify known properties, but 'PENDING' does not exist in type 'Record<ShipmentStatus, { bg: string; text: string; label: string; }>'. Did you mean to write 'Pending'?
src/app/worker/cbm/page.tsx(75,9): error TS2820: Type '"PENDING"' is not assignable to type 'ShipmentStatus'. Did you mean '"Pending"'?
src/app/worker/cbm/page.tsx(95,9): error TS2820: Type '"PENDING"' is not assignable to type 'ShipmentStatus'. Did you mean '"Pending"'?
src/app/worker/cbm/page.tsx(144,44): error TS2339: Property 'customerName' does not exist on type 'Shipment'.
src/app/worker/cbm/page.tsx(241,15): error TS2339: Property 'customerName' does not exist on type 'Shipment'.
src/app/worker/cbm/page.tsx(242,15): error TS2339: Property 'customerPodCode' does not exist on type 'Shipment'.
src/app/worker/cbm/page.tsx(267,40): error TS2367: This comparison appears to be unintentional because the types 'ShipmentStatus' and '"PENDING"' have no overlap.
src/app/worker/cbm/page.tsx(268,37): error TS2367: This comparison appears to be unintentional because the types 'ShipmentStatus' and '"CBM_DONE"' have no overlap.
src/app/worker/cbm/page.tsx(268,64): error TS2367: This comparison appears to be unintentional because the types 'ShipmentStatus' and '"INVOICED"' have no overlap.
src/app/worker/cbm/page.tsx(379,37): error TS2367: This comparison appears to be unintentional because the types 'ShipmentStatus' and '"PENDING"' have no overlap.
src/app/worker/cbm/page.tsx(388,63): error TS2339: Property 'customerPodCode' does not exist on type 'Shipment'.
src/app/worker/cbm/page.tsx(392,88): error TS2339: Property 'customerName' does not exist on type 'Shipment'.
src/lib/excel-export.ts(109,29): error TS2740: Type 'Buffer<ArrayBufferLike>' is missing the following properties from type 'Buffer': maxByteLength, resizable, resize, detached, and 2 more.
src/lib/excel-export.ts(149,12): error TS2352: Conversion of type 'Buffer' to type 'Buffer<ArrayBufferLike>' may be a mistake because neither type sufficiently overlaps with the other. If this was intentional, convert the expression to 'unknown' first.
  Type 'Buffer' is missing the following properties from type 'Buffer<ArrayBufferLike>': subarray, write, toJSON, equals, and 99 more.
workspace/src/components/manager/new-shipper-form.tsx(58,11): error TS2561: Object literal may only specify known properties, but 'boxFeature2' does not exist in type 'Omit<Shipper, "id" | "createdAt" | "isUrgent" | "isConfirmed">'. Did you mean to write 'boxFeature1'?
